                                                                                                                                                                
                                                                                                                                                                
                                                                                                                                                                
                                                                                                                                                                
                                                                                                                                                                
                                                                                                                                                                
                                                                                                                                                                
                                                                                                                                                                
                                                                                                                                                                
                                                                                                                                                                
                                                                                                                                                                
                                                                                                                                                                
                                                                                                                                                                
                                                                                                                                                                
                                                                                                                                                                
                                                                                                                                                                
                                                                                                                                                                
         ⣤⣀⣀ ⢀⣀               ⢀⡀ ⢀⣀⣀⣀                   ⣤⣀⣤⡀           ⠄ ╱      ⡄⢀⡀         ⠄ ╱                    ⠄ ╱                         ⢀⣀⣀⣀⣤⣀           
    ⢠⣶⣦⣿⣤⣿⢻⣿⣿⣿⣧ ⣤           ⢀⣾⣿⣴⣿⣿⣿⣿⣿⣶⣖⣀⡀         ⠂ ⠲⣴⣶⣿⣿⣿⣿⣿⣶⣤⡄        ⠈─╲ ⠤⣤⠒⣶⢾⣿⣼⣧⣤⣿⣧      ⠈─╲      ⠄             ⠈─╲     ⠄                ⢀⣷⣦⣼⣧⣿⣯⣿⣿⣿⢠⣤⡀       
  ⠠⠜⣃⣿⣿⣿⣿⢻⣼⣿⣷⣿⣿⣦⣤⣤⡤       ⣤⣿⣿⣛⣻⣿⢻⣿⣿⣿⣿⣿⣿⣿⣿⣧⡄      ⢀⣦⣄⣸⣏⣿⣿⣿⣿⣿⣹⣿⣿⡇        ⠄ ╱╲  ⢺╱⣤⠜⠛⠍⠉         ⠄ ╱    ╱ ⡄               ╲   ╱ ⢠              ⣤⣠⣾⣿⣿⣣⣛⣿⣟⢤⣽⣿⡟⢃⡘      
  ⠄⣸⣿⣿⣿⣿⣿⣾⣿⣾⣷⣞⣷⣿⣿⠟⠃⣀⡄   ⢸⡿⠆⠻⠿⢿⣿⣛⣾⣿⣿⣿⣿⣿⣿⣿⣿⣿⣿⠆  ⢠⣤⣾⣿⣛⣻⣿⣿⣿⣿⣿⣿⣿⣿⣾⣿⣷⡀       ⠈─╲ ╲⢠╱⢿⠿⠧⡀⠈╲╱        ⠈─╲╲  ╱ ⡀⠋                ╲ ╱ ⢀⠘⠁          ⢀⢀⣴⣿⣿⣿⣿⣿⣿⣿⣟⣿⣾⣿⣿⣷⣾⣿⣶⡄    
 ⢀⣸⣿⣿⣿⣿⣿⣿⣿⣿⣿⣿⣿⣿⣿⣧⠶⣠⣿⣯⡱⢦⣤⣈⣁⣤⣶⣄⢰⣿⣿⣿⣿⡿⣿⣿⣿⣿⣿⣿⣿⣿⣷⣦⣤⡈⣹⣿⣿⣽⢿⣿⣿⣿⣿⣿⣿⣿⣿⣿⣿⣿⣅⣶⣶⣶⣄    ⠄ ╲ ⢸⣿⢶⣴⣶⢸⡆ ╲⠶⠶⠤⡶⠲⠆   ⠄ ╲   ⡆                     ⢰             ⣿⣿⣿⣿⣿⣿⣿⣿⣿⣿⣿⣿⣿⣿⣿⣿⣿⣿⣿⡷⡄   
⣼⣿⣿⡿⣿⣿⣿⣿⣿⣿⣿⡿⣿⣿⣿⣯⣿⣿⣿⣿⣿⣿⣿⣿⣿⣿⣿⣿⣿⣿⣿⣿⣿⣿⣿⡏⣿⣿⣿⣿⣿⣿⣿⣿⣿⣿⣿⣿⣿⣿⣽⣿⣿⣿⣿⣿⡿⣉⣿⣿⣿⣿⣿⣿⣿⣿⣿⣿⣿⣷⣄ ⠈─╲╲⣾⣿⠿⡟⠁⣈⣱⣧⣭╲⠐⡿╱─⠐⢾⡇ ⠈─╲╲  ⠐                 ⠄    ⠂          ⢀⣶⣿⣿⣿⣿⣿⣿⣿⣿⣿⣿⣿⣿⣿⢻⣿⣿⣿⣭⣿⡿⣿   
⣿⢹⣿⣿⣿⣿⣿⣿⣿⣿⣻⣿⠛⣿⣿⣿⣿⣿⣿⣿⣿⣿⣿⣿⣿⣿⣿⣿⣿⣿⣿⣿⣿⡟⢻⣷⣿⣿⣿⣿⣿⣿⣿⣿⣿⡟⣿⣿⣿⣿⣿⢿⣿⣿⣿⣿⣿⣿⣿⣿⣿⣿⣿⣿⣿⣿⣿⣿⣿⣿⣿⣶⢤⡘⣿╲╲⣿⡟⢿⣿⡏⢻⡘⠉╲╲⣤⣦⣿⠛⠚⠃ ⢠⡈─╲   ⠈⣖               ⠈─╲   ⢱⡂        ⢸⣿⣿⣿⣿⣿⣿⣿⣿⣿⣿⣿⣿⣿⣽⣿⣿⣽⣿⣿⣏⣿⣿⣿⠂ 
⣿⣿⡞⢛⣿⣿⣿⣿⣿⣿⣿┃⣿⣿⣿⣿⣿⣿⣿⣿⣿⣿⣿⣿⣿⣟⣿⣿⣿⣿⡟⢻⣴┃⣤⣽⣿⣿⣿⣿⣿⣿⣿⣿⣿⡟⣿⣿⣿⣿⣧⡙⢿⡄⣿⣿┃⣿⣿⣿⣿⣿⣿⣿⣿⣿⣿⣿⠿⣿⣿⣿⣷⣴⣿⣿╲⣿⡿⣾⣧⣼⣻⣿⣆⣤╲⣿⣿⣶⣿⢿⡟⢻⠇⢸  ╲ ⢀⠐⠁                  ┃ ⡀⠊         ⢠⣼⡿⠿⣿⣿⣿⣿⣿⣟⡛⣿┃⠛⠛⣿⣿⣿⣿⣿⣿⣿⣿⣿  
⠁⠠⣾⣿⣟⣿⣿⣿⣾⣿⣿┃⣿⣿⣿⣿⣿⣿⣿⣿⣿⣿⢹⣿⣿⣿⣿⣿⣿⣿⣿⣿⣻┃⣿⣿⣿⣿⣿⣿⣿⣿⣿⣿⣿⣇⣿⣿⣿⣿⣿⣧⣈⡻⣿⡷┃⣾⣿⣿⣿⣿⣿⣿⣿⣿⣿⣿⣶⣾⠿⣿⣿⣿⣇⢛⣛┃⣷⣿⣿⣼⣿⣇⣻⣿⣿⠛⣡⢾⣏  ⢠⣼⣿⠦  ┃⡝                    ┃⢨⠃          ⠈  ⣶⣿⠿⢸⣿⡿⢙⣃⣿┃ ⠙⢿⣿⣿⣿⣿⣿⣿⣿⠇  
   ⠙⠻⠿⠋⠉⠛⢻⣿┃⣿⡿⣿⣿⣿⣿⣿⣿│⣿⣶⠿⢿⣿⣿⣿⠛⠿⠿⠿⢿┃⣿⣿⣿⣿⣿⣿⣼⣿│⣿⣿⣿⣿⣿⣿⣿⣿⡟⠙⠇⠺⠶┃⠿⢿⣿⣿⣿⣿⣿⡿│⣉⣿⣉⣿⣶⣾⣿⣿⠟ ⠛┃⠿⡛⣾⡟⢻⣿⡏⣿⣿│⣿⠈⢿⣧⣰⣏⣉⣿⠆  ┃⠘⢄                   ╱ ⠣⡀            ⠘⠉⠐⠎⠉ ⡈⠻⢃┃⠶⠷⠈⠉⠘⠛⠻⠋     
           ┃⠑⠒⢮⡿⠿⣿⣿⣿│⣿⡿⠷⠿⣿⡿⠏    ⠈┃⠉⠙⠿⣿⣿⣭⣽⣿│⣿⣿⡿⠿⣿⣿⠟⠛⠃    ┃⠺⠿⣿⡿⠿⠿⠿⠁│⣯⠿⠿⣿⣿⣿⠍⠙   ┃ ⢸⠈⠿⢦⡄⠈⠁⠉│⢻⠿⡿⠉ ⠻⠋⠉   ┃  ⡇                   ┃ ⢸                     ┃             
           ┃     ⠙⠉⠉│⠉⠁          ┃       ⠉│⠙⠁  ⠉       ⡀┃  ⠁    ⠘│    ⠁      ╱⠰⠁       │⠈          ╱⡀⠎                    ┃⠰⠁                     ◆             
           ┃        │            ┃        │            ⢧┃       ⡤│           ⠸┃       ⢸│            ┃⡀                    ╱⣄                  ╔══════╗          
           ┃        │            ┃        │            ⠈┃       ⠘│⡀           ┃⠄       │⣀           ┃⠢                     ┃⠄                 ║ done ║          
           ┃        │            ┃        │             ┃⠇       │⣥           ┃⠸       │⢨⡄          ╱ ⠇    ⡀ ⡀⠠            ┃⠸    ⢀ ⢀ ⠄        ╚═══╦══╝          
         ⢀⠄┃⢄       │           ⡠┃⠠⡀      │           ⢀⢄┃⢄      ⣀│⠁          ⡠┃⠠⡀     ⢀│⠉          ⢀⢄┃⢄────────╾          ⡠┃⠠────────╾⠂     ⣴⣄  ⢀⠄║⢄  ⢀⣴⣄       
                                                                                                                                                                
        tended              first quiet             overgrown             breaking               skeletal                ruins                monument          
                                                                                                                                                                
                                                                                                                                                                
                                                                                                                                                                
                                                                                                                                                                
                                                                                                                                                                
                                                                                                                                                                
                                                                                                                                                                