                                                                                                                                                                
                                                                                                                                                                
                                                                                                                                                                
                                                                                                                                                                
                 ⢀                                                           ⡀                                                                                  
                  ⠙⢆                           ⠔⠃                             ⢀                                                                                 
                                               ⠠⡀                              ⠑                                                                                
                                                ⠈⢷⡀                            ⡀                                                                                
                ⢰⡄                               ⡸⠁                           ⡎                                                                                 
                 ⠱⡀                             ⡰⠁                           ⠘⡄                                                                                 
                  ⡇                             ⠇                             ⢰⡀                                                                                
                 ⢠⡃                            ⢠⡽⣢                           ⢠⣤⢟  ⢀⣴⣷⣄                         ⢠⣤⣠  ◆                                           
                ⢠⣼⣧                             ⣿⡅⢀⣴⣷⣄                        ⣮⡇⢀⡔⠻⠷⠿⠿⠷⠄                        ⡛⡇⢀⣴⣷⣄                                          
                 ⣻⣇⣴⣷⣄                          ⣿⡷⠿⠯⢍⠙⠷⠤                      ⣿⡾⠿⢿⡿⠿⢿⣿⡿⠿⠿⢦⡀                     ⣻⡷⠿⣭⣭⣿⠷⣤⡀                                       
                 ⣿⠿⢿⣿⣿⣷⡄         ╭─────────╮  ⣠⣾⣿⣿⣿⠿⠿⣿⣿⣦⠼⢦⣀─╭──────────╮   ⢀⣠⡾⣿⣿⣿⠿⠿⠿⠿⠿⢿⠿⠿⠿⢿⣤⣀─╭────────────╮ ⢀⣠⠾⡿⡿⠿⠉⠿⠿⠻⠯⠿⣦⣀═╔═══════════╗                       
               ⠴⠿⣿⣿⣿⡿⠿⠟⠻⠷⠄       │ mossjar │ ⣀⣤╪═════════╪  │ foxglove │   ⢀⡄╪═════════════╪  │ winterwell │ ⢀⡄╪═════════╪  ║ thornbook ║                       
             ⣀  ╪═□═══║═╪   ⠺╱   ╰────┬────╯⣞⠉ ╪═□════║║═╪  ╰──────────╯⢶⡴⣞⠈ ╪═□═════□══║║═╪  ╰────────────╯⣞⠈ ╪═▤════║║═╪  ╚═══════════╝                       
            ⠶⠹⠆═╪═════║═╪═⠐ ⠄▂⠂ ⠂     │  ⠸⠏⠷⠹⠆═╪══════║║═╪═⠄⠄⠂▂ ⠆     ⠶⠿⠎⠷⠹⠆═╪══════════║║═╪═⠐⠄⠂▂⠂ ⠔     ⠾⠮⠷⠹⠆═╪══════║║═╪═ ⠠⠾▂                                 
                 ⠈⠉                             ⠈⠉                            ⠈⠉    ⠈⠉                                                                          
              hut · tended                   cabin · tended                homestead · tended               kept · finished                                     
                                                                                                                                                                
                                                                                                                                                                
                                                                                                                                                                
                                                                                                                                                                
                                                                                                                                                                
                                                                                                                                                                
                                                                                                                                                                
                                                                                                                                                                
                                                                                                                                                                
                                                                                                                                                                
                                                                                                                                                                
             ⠠⣤⡤  ⢀⣴⣷⡄                       ⢠⣤⢤  ⢀⣴⣷⣄                       ⢠⣤⢤  ⡠⠊⠁ ⡀                      ⢠⣄⣤                                                
              ⣯⡇⢀⣴⣯                           ⣴⡁ ⠴⠿⣿⡿⠿⠷                       ⣿⡇⡠⠊    ⠈⠠⡀                     ⡾⡇                                                
              ⣻⡿⠿⠿⠿⠿⡶⠶⠶⠶⠾⠦                    ⣻⡿⠿⢿⣿⠿⠿⠿⠿⠷⠦⠤                    ⣿⡏ ⡀      ⠈⠂⡀                   ⣽⡇                                                
           ⢀⣠⣾⣿⡿⠿⠿⣿⣿⡿⠿⢿⣿⡿⠿⢿⠦ ──╭────────────╮⠾⣿⣯⣿⠿⠿⠿⠿⠿⠿⠿⠿⠿⠿⣤⣀╭ ─  ────────  ⠼⠊⣽⡟⠿⠟        ⠈⠢ ── ──  ─   ─   ⠜ ⡹⠇            ╭⡨─ ─ ─── ──                        
           ⣀⡄╪═════════════╪  │ winterwell⠘│ ╪⣿⡇    ═      ╪⠐⠁│ winterwell⢀│  ⣯⠇           ⠠⠚  winterwell │⠌  ⣿⡇           ⠠⠚│ winterwell │                     
        ⣀⠰⠞⠉⣀╪═□═ ═══□══║║═╪⡀ ╰────────────╯⠢⡀══ ═ ══ ═ ═╱ ╪  ╰ ───────   ⠘╯  ⣽⡆         ╱ ⠘⢅  ───   ─── ──⢃  ⣾⡇           ⠘⢅  ⢀──  ─ ─ ─  ╯                    
    ⢀⡀ ⣾⣍⣤⢠⡜═╪══════════║║═╪═⡄  ▂ ⠤ ⢀⡀      ═╪══    ══   ══ ═⢄⡀ ▂           ⢱⠂⡭⠇        ══   ⢱⡀ ▂           ⢱⠂⣋⠇         ═   ⢱⡀ ▂                               
                         ⠉⠁                             ⠈⠉⠁                             ⠈⠉⠁                             ⠈⠉⠁                                     
                overgrown                       breaking                        skeletal                          ruins                                         
                                                                                                                                                                
                                                                                                                                                                