                                                                                                                                                                
                                                                                                                                                                
                                                                                                                                                                
                                                                                                                                                                
                                                                                                                                                                
                                                                                                                                                                
                                                                                                                                                                
                                                                                                                                                                
                                                                                                                                                                
                                                                                                                                                                
                                                                                                                  ⣀⡠⠤              ⢀⢄                           
                     ⢀⣠⣴⣷⣤⣀          ⢠⣤⣄                                                                       ⠈⠻⣞⣿⡼⠋              ⠇⠂⠇                          
                   ⠤⠶⠛⢿⣿▯⣿⠶⠶⠦⢄        ⣷⡃⢀⣴⣷⣄                                                                     ╪▫╪              ⢀⣴⣷⣄                          
                ⣠⣶⣿⡿⣿⠾⠿⢿⠿⠿⠿⠿⠿⣿⣷⡦      ⣿⡷⠿⣿⣿⠿⠷⠤⡀                                                                 ═════            ⠰⠿⣿⣿⡭⣷⡄                        
              ⢠⡾⠿⠿⠿⠷⠿⠿⠿⠿⣿⣿⣿⣿⠿⢿⣿⣿⡿⠦⣀⢀⣠⡼⣿⡯⠿⠿⠿⠿⢿⣟⣿⣦⣀      ⣿⣶⣤⣤⣀                ⣴⣿⣿⣷⡄                               │ ╳ │          ⠴⠿⠿⠿⠿⢿⣟⠿⠿⠧⠄                      
               │─────────────────│   ╪═════════╪       ⣿⣿⣿⣿⣿⣿⣿⣶⣤⣤⣀        ⠠⠾⠿⠿⠿⠿⠿⠦           ⠈⠻⣧⢗⠿⠊             │ ⠄ │           │─▯───▯─│           ⢰⠒⡒⢲        
               │──────╳  ╳───────│   ╪═□════║║═╪        │───────│⢀╱⣀⠄      │─────│            ─────             │ ╳ │           │─▯─║─▯─│           ⢸ ⠂⢸        
               │─────╱║⡀⢄║╲──────│  ═╪══════║║═╪═       │───────│⠐ ⠐       │────║│             ╹ ╹              │ ⠁ │           │───║───│           ⠚⠛⠛⠛⠂       
                                      ⠈⠉                                                                                                                        
  tended              barn              cabin           workshop            shed              crib           watchtower        schoolhouse          well        
                                                                                                                                                                
                                                                                                                                                                
                                                                                                                                                                
                                                                                                                                                                
                                                                                                                                                                
                                                                                                                                                                
                                                                                                                                                                
                                                                                                                                                                
                                                                                                                                                                
                                                                                                                                                                
                                                                                                                                                                
                                     ⢠⣤⣤                                                                                                                        
                            ⠄         ⣵⡇                                                                                                                        
                                      ⣖⡃                                                                                                                        
            ⢀⠔⠈         ╱          ⢹⡱ ⣿⡆       ⢰                               ⠂                                               ⢲                                
             ⡀         ╱          ⣠⡪⠈ ⣻⡅        ⠑⡄                                                                            ⢀⠘⠁                               
              ⢠       ╱          ⢸⢸⡅  ⣿⡃         ⢈                                                               ╱           ⢰⡃                                 
              ⣨⢀⢀⢀⢀ ⢀⢀⢀⢀⢀⢀⢀⢀⢀⢀⢀  ⢀⠣⡱═╪⣿⡄    ═  ⢀⠐⠃      ⢀⢀⢀ ─⢀⢀ ⢀          ⢀⢀⢀⢀⢀⢀│               ╹              ╱ ⠂ ╲         ⢆⢀⢀⢀⢀⢀⢀⢀⢄⢀⢀           ⠴⠶⠶⠶⠄       
                                            ⠈⠁⠁                                                                                   ⠈⠉⠉⠉                          
  what remains        barn              cabin           workshop            shed              crib           watchtower        schoolhouse          well        
                                                                                                                                                                
                                                                                                                                                                