                                                                                                                                                                
                                                                                                                                                                
                                                                                                                                                                
                                                                                                                                                                
                                                                                                                                                                
                                                                                                                                                                
                                                                                                                                                                
                                                                                                                                                                
                                                                                                                                                                
                                                                                                                                                                
                                                                                                                                                                
                              ⡂                                                                                                                                 
                              ⡏                                                                                                                                 
                             ⢰⣷                                                                                                                                 
                            ⢀⣿⣿⣧                                     ⣀                                                                                          
                            ⠉⣹⣿⠉                                   ⢰⣶⣿⣿⣶⣶                                                         ⣤⠴⣆⣀⣠                         
                            ⣰⣿⣿⣷⡀                                 ⠠⣾⣿⣿⣿⣿⣷⡄                                                    ⢀⣠⣴⣶│⣶⣸⣿⣿                         
                          ⢠⣾⣿⣿⣿⣿⣿⣆                                ⣠⣿⣿⣿⣿⣿⣿⡇                                                   ⠐⣿⣿⣿⣿│⢯⡽⢯⡉                         
                            ⢀⣾⣿⣇             ⢠⣀⣠⣤⣤⣄⢂⣠⣄⣠⡀         ⣠⣿⣿⣿⣿⣿⣿⣿⣿⣗                                                   ⠻⠛⣿⠛│⣿⣿⡿                          
            ⢀             ⢀⣴⣿⣿⣿⣿⣷⣄          ⣤⣿⣿⣿⣿⣿⣿⣿⣿⣿⣿⣧⣄⡀       ⢀⣿⣿⣿⣿⣿⣿⣿⣿⣿                                                     ⠉ │⠈⠋                 ⣠⣴⡶⠆⢐⣀ ⣀  
     ⠠ ⣤⣻⣾⢿⣷⣾⣳⡄         ⠠⠶⠿⠿⠿⣿⣿⡿⠿⠿⠷⠦⠤    ⠄⢀⡀⣶⣶⣿⣿⣿⣿⣿⣿⣿⣿⣿⣿⣿⣿⡄      ⢿⣿⣿⣿⣿⣹⣿⣿⣿⡷       ⢀⣀⣀⣀⣀⣀⣀⣀⣀⣀⣀⣀⣀⣀⣀⡀                                │                 ⣠⣴⣾⣿⣷⣾⣿⣟⣡⣿⠁ 
   ⢠⣶⣶⣯⣿⣿⣿⣾⠹⢿⣏⡷⣦⣀          ⢀⣼⣿⣿⣷⣄       ⠄⢰⡾⣿⣏⣩⣿⣿⣿⣿⠿⣿⣷⣾⣿⣿⡿⣿⣷⣀     ⢾⣿⣿⣾⣿⢏⣩⣿⡏⢱      ⣶⣿⣿⣿⣿⡿⠿⣿⣿⣾⣿⣿⣿⣿⣿⣿⣷⣀⡁                              │             ⢀⣀⣠⣶⣿⣿⢿⣿⣿⣿⡷⢿⠉⣿⣧⡀
  ⢰⣾⣿⣿⣿⣿⣿⣿⣿⣿⣼⣿⣿⣿⣯⣤⠂      ⢀⣾⣿⣿⣿⣿⣿⣿⣦⣀⡀    ⡇⣾⣿⣿⣯⣽⣭⣿⣩⣿⣤⣼⣿⣯⣽⣿⣿⣿⣿⣏     ⢾⣿⣿⣿⣿⣿⣿⣿⣧⣿⡄    ⠘⠛⠿⠟⢿⡿⣷⣿⠿⣿⣿⣿⣿⣯⣿⣯⡙⠿⠋⠁                              │             ⣨⣿⣿⣿⣿⣿⣿⣿⣿⣿⣿⣯⣴⣿⠟ 
 ⠰⢿⣿⣿⣿⣿⣿⣿⣿⣿⣿⣿⣿⣿⣿⣿⣿⣶⣤⡀  ⠐⠚⠛⠛⠛⣻⣿⣿⣿⡛⠛⠛⠛⠒   ⣧⢺⣿⣿⣿⣿⣿⣿⣿⣿│⣯⡋⣽⣿⣿⣿⣿⡿⡏⡂    ⢸⣿⣿⣿⣿⣿⣿⣿⣿⣯       ⠛⠓⢦⣿⣧⣿⢿⣿║⣧⣼⣿⣿⣯                                  │            ⢰⣿⣿⣿⣿⣿⣿⣿⣿⣿⣿⣿⣿⣿⡇  
 ⢱⣾⡟⣿⣿⣿⣿⣿⣿⣿⣿⣿⣿⣿⣿⣿⣿⣿⣿⡇     ⣠⣾⣿⣿⣿⣿⣿⣶⡄     ⣿⢸⡋⣿⠛⡇⣳⢻⣻⢻│⣿⠿⢿⡟⠹⣿⢸⡀⡇⡂    ⠘⣿⣿⣿⣿⣿⣿⣿⣿⣷⠄        ⠈⠉ ⠉⠟⠋║⠋⠙⠉⠙                                   │            ⠘⢿⡟⣿⣿⣿⣿⣿⣿⣿⣵⣿⣿⣿⠁  
⣰⣶⣿⣷⣾⣷⣿⣷⣿⣿┃⣉⣹⣏⣿⣟⣿⣿⣿⣿⠏  ⢀⣶⣿⣿⣿⣿⣿│⣿⣿⣿⣿⣶⣤⣀  ⢿⢘⢇⣫⡇⡳⢨⢸⣋⠏│⢟⡇⡇⡇⢨⡇⡿⡄⢷     ⢰⣿⣿⢷⣶⠎⢁⣸⣿⡏               ║                                       │             ⢰⣶⣿⣿⣿⡿⢿⣾⣿⣷⣿⣷⠟⠁  
⠉⣹⣿⣿⣿⣿⣿⣿⣿⣿┃⣿⣿⣿⣿⣿⣿⣿⣿⡟ ⠘⠛⠛⠚⠛⠛⣻⣿⣿│⣿⣿⡛⠛⠛⠛⠛⠛⢛⢓⡜⢸⢻⡇⢖⠸⡌⣎⡇│⣯⡇⠸⣇⠠⡃⡇⡅⣿     ⠈⠉⠉⣨⣿⣶⣾⣿⡿⠃               ║                                       │             ⠘⠉⠉⣿⣿⣶│⣾⣿⣷⠛⠁    
  ⠉⠉⠙⠛⠛⠉⠿⠟┃⠙⠛⠛⠛⠉⠉⠉     ⢀⣤⣾⣿⣿⣿⣿│⣿⣿⣿⣧⣀⡀  ⠘⠨⡃⢸⠈⣚⢱ ⡇⣮⣧│⠇⣵⠸⣿⡅⡇⡇⢘⡏       ⣾⣿⠿│⣿⣿⡇                ║                                       │                 ⠉⠉│⠁        
          ┃          ⣠⣴⣿⣿⣿⣿⣿⣿⣿│⣿⣿⣿⣿⣿⣿⣷⣤⣨⣠⠁⢸ ⣷⢸⢀⣟⢸⢛│⡇⣯⡸⡽⣱⠁⡇⠸⡇       ⢸⣿⣿│⣿⡟⠃                ║                                       │                   │         
          ┃        ⠉⠉⠉⠉⠉⠉⠉⠉⠉⠉⠉│⠉⠉⠉⠉⠉⠉⠉⠉⠩⠉⡉⢙  ⣿⠸⢷ ⢸│ ⡿⡇ ⢙⢸ ⢸⠂        ⠈⠛│⡥⠄                 ║                        ⣀              │                   │         
          ┃                   │        ⠈ ⠇⠈  ⠜ ⠁ ⠘│⢰⢰⠁ ⠘⠜             │⠁                  ║                   ⣀⣠⣶⣾⣿⣿⣿⣿⣶⣦          │                   │         
          ┃                   │                   │ ⠘  ⠘              │                   ║                  ⢶⣿⣿⣿⣿⣿⣿⣿⣿⣿⣿⡷        ⠠│                   │         
        ⢀⠄┃⢄                  │                   │                   │                 ⢀⠄║⢄                 ⠈⠛⠻⠿⠿⠿⠿⠿⠿⠿⠟⠁         │                   │         
                                                                                                                                                                
      oak · go         spruce · rust      willow · python   poplar · typescript     flattop · c    juniper scrub · shell   birch · swift    mixed grove · other 
                                                                                                                                                                
                                                                                                                                                                
                                                                                                                                                                
                                                                                                                                                                
                                                                                                                                                                
                                                                                                                                                                
                                                                                                                                                                